
Memory Configuration

Name             Origin             Length             Attributes
*default*        0x0000000000000000 0xffffffffffffffff

Linker script and memory map

                0x0000000080008000                . = 0x80008000

.startup        0x0000000080008000       0x10
 startup.o(.text)
 .text          0x0000000080008000       0x10 startup.o
                0x0000000080008000                _Reset

.text           0x0000000080008010       0x1c
 *(.text)
 .text          0x0000000080008010       0x1c test.o
                0x0000000080008010                c_entry

.rodata         0x000000008000802c        0x4
 .rodata        0x000000008000802c        0x4 test.o
                0x000000008000802c                UART0DR

.glue_7         0x0000000080008030        0x0
 .glue_7        0x0000000080008030        0x0 linker stubs

.glue_7t        0x0000000080008030        0x0
 .glue_7t       0x0000000080008030        0x0 linker stubs

.vfp11_veneer   0x0000000080008030        0x0
 .vfp11_veneer  0x0000000080008030        0x0 linker stubs

.v4_bx          0x0000000080008030        0x0
 .v4_bx         0x0000000080008030        0x0 linker stubs

.iplt           0x0000000080008030        0x0
 .iplt          0x0000000080008030        0x0 startup.o

.rel.dyn        0x0000000080008030        0x0
 .rel.iplt      0x0000000080008030        0x0 startup.o

.data           0x0000000080008030        0x0
 *(.data)
 .data          0x0000000080008030        0x0 startup.o
 .data          0x0000000080008030        0x0 test.o

.igot.plt       0x0000000080008030        0x0
 .igot.plt      0x0000000080008030        0x0 startup.o

.bss            0x0000000080008030        0x0
 *(.bss COMMON)
 .bss           0x0000000080008030        0x0 startup.o
 .bss           0x0000000080008030        0x0 test.o
                0x0000000080008030                . = ALIGN (0x8)
                0x0000000080009030                . = (. + 0x1000)
                0x0000000080009030                stack_top = .
LOAD test.o
LOAD startup.o
OUTPUT(test.elf elf32-littlearm)
LOAD linker stubs

.ARM.attributes
                0x0000000000000000       0x2e
 .ARM.attributes
                0x0000000000000000       0x22 startup.o
 .ARM.attributes
                0x0000000000000022       0x2c test.o

.comment        0x0000000000000000       0x51
 .comment       0x0000000000000000       0x51 test.o
                                         0x52 (size before relaxing)

.debug_line     0x0000000000000000       0x3a
 .debug_line    0x0000000000000000       0x3a startup.o

.debug_info     0x0000000000000000       0x26
 .debug_info    0x0000000000000000       0x26 startup.o

.debug_abbrev   0x0000000000000000       0x14
 .debug_abbrev  0x0000000000000000       0x14 startup.o

.debug_aranges  0x0000000000000000       0x20
 .debug_aranges
                0x0000000000000000       0x20 startup.o

.debug_str      0x0000000000000000       0x1f
 .debug_str     0x0000000000000000       0x1f startup.o
